###########################################################
#                                 #                       # 
# ^@                              #  Test   TEST          # 
#                                 #  1234 ()&*$!^   V     # 
#                                 #                       # 
#                                 ######################### 
#                                                         # 
#                                                         # 
#                                                         # 
#                                                         # 
#                                                         # 
#                                                         # 
#                                                         # 
#                                                         # 
#                                                         # 
#                                                         # 
########################   ################################
#                                                         # 
#                                                         # 
#                                                         # 
#                                                         # 
#               #                                         # 
#              #  #                                       # 
#               #  #                                      # 
#                #  #                                     # 
#                 ##                                      # 
#                                                         # 
#                                                         # 
#                                                         # 
#                                                         # 
#                                   ##  ####              # 
#                                   ##  ####              # 
#                                                         # 
#                                              < >        # 
#                                                         # 
#                                                         # 
###########################################################
